I'm sorry, but errors were detected in your script. Please correct the
errors listed below, and try again.


The label summariesD14 is defined twice, at
  File "game/day14.rpy", line 282 and
  File "game/day14.rpy", line 290.

Ren'Py Version: Ren'Py 6.99.13.2919
